in-memory only, nothing will be saved

db> table wide created with 3 column(s)

db> 1 row inserted into wide

db> 1 row inserted into wide

db> 1 row inserted into wide

db> 1 row inserted into wide

db> 1 row inserted into wide

db> 1 row inserted into wide

db> 1 row inserted into wide

db> 1 row inserted into wide

db> 1 row inserted into wide

db> 1 row inserted into wide

db> 1 row inserted into wide

db> 1 row inserted into wide

db> 1 row inserted into wide

db> 1 row inserted into wide

db> 1 row inserted into wide

db> 1 row inserted into wide

db> 1 row inserted into wide

db> 1 row inserted into wide

db> 1 row inserted into wide

db> 1 row inserted into wide

db> 1 row inserted into wide

db> 1 row inserted into wide

db> 1 row inserted into wide

db> 1 row inserted into wide

db> 1 row inserted into wide

db> 1 row inserted into wide

db> 1 row inserted into wide

db> 1 row inserted into wide

db> 1 row inserted into wide

db> 1 row inserted into wide

db> 1 row inserted into wide

db> 1 row inserted into wide

db> 1 row inserted into wide

db> 1 row inserted into wide

db> 1 row inserted into wide

db> 1 row inserted into wide

db> 1 row inserted into wide

db> 1 row inserted into wide

db> 1 row inserted into wide

db> 1 row inserted into wide

db> 1 row inserted into wide

db> 1 row inserted into wide

db> 1 row inserted into wide

db> 1 row inserted into wide

db> 1 row inserted into wide

db> 1 row inserted into wide

db> 1 row inserted into wide

db> 1 row inserted into wide

db> 1 row inserted into wide

db> 1 row inserted into wide

db> 1 row inserted into wide

db> 1 row inserted into wide

db> 1 row inserted into wide

db> 1 row inserted into wide

db> 1 row inserted into wide

db> 1 row inserted into wide

db> 1 row inserted into wide

db> 1 row inserted into wide

db> 1 row inserted into wide

db> 1 row inserted into wide

db> 1 row inserted into wide

db> 1 row inserted into wide

db> 1 row inserted into wide

db> 1 row inserted into wide

db> 1 row inserted into wide

db> 1 row inserted into wide

db> 1 row inserted into wide

db> 1 row inserted into wide

db> 1 row inserted into wide

db> 1 row inserted into wide

db> 1 row inserted into wide

db> 1 row inserted into wide

db> 1 row inserted into wide

db> 1 row inserted into wide

db> 1 row inserted into wide

db> 1 row inserted into wide

db> 1 row inserted into wide

db> 1 row inserted into wide

db> 1 row inserted into wide

db> 1 row inserted into wide

db> 1 row inserted into wide

db> 1 row inserted into wide

db> 1 row inserted into wide

db> 1 row inserted into wide

db> 1 row inserted into wide

db> 1 row inserted into wide

db> 1 row inserted into wide

db> 1 row inserted into wide

db> 1 row inserted into wide

db> 1 row inserted into wide

db> 1 row inserted into wide

db> 1 row inserted into wide

db> 1 row inserted into wide

db> 1 row inserted into wide

db> 1 row inserted into wide

db> 1 row inserted into wide

db> 1 row inserted into wide

db> 1 row inserted into wide

db> 1 row inserted into wide

db> 1 row inserted into wide

db> 1 row inserted into wide

db> 1 row inserted into wide

db> 1 row inserted into wide

db> 1 row inserted into wide

db> 1 row inserted into wide

db> 1 row inserted into wide

db> 1 row inserted into wide

db> 1 row inserted into wide

db> 1 row inserted into wide

db> 1 row inserted into wide

db> 1 row inserted into wide

db> 1 row inserted into wide

db> 1 row inserted into wide

db> 1 row inserted into wide

db> 1 row inserted into wide

db> 1 row inserted into wide

db> 1 row inserted into wide

db> 1 row inserted into wide

db> 1 row inserted into wide

db> 1 row inserted into wide

db> 1 row inserted into wide

db> 1 row inserted into wide

db> 1 row inserted into wide

db> 1 row inserted into wide

db> 1 row inserted into wide

db> 1 row inserted into wide

db> 1 row inserted into wide

db> 1 row inserted into wide

db> 1 row inserted into wide

db> 1 row inserted into wide

db> 1 row inserted into wide

db> 1 row inserted into wide

db> 1 row inserted into wide

db> 1 row inserted into wide

db> 1 row inserted into wide

db> 1 row inserted into wide

db> 1 row inserted into wide

db> 1 row inserted into wide

db> 1 row inserted into wide

db> 1 row inserted into wide

db> 1 row inserted into wide

db> 1 row inserted into wide

db> 1 row inserted into wide

db> 1 row inserted into wide

db> 1 row inserted into wide

db> 1 row inserted into wide

db> 1 row inserted into wide

db> 1 row inserted into wide

db> 1 row inserted into wide

db> 1 row inserted into wide

db> 1 row inserted into wide

db> 1 row inserted into wide

db> 1 row inserted into wide

db> 1 row inserted into wide

db> 1 row inserted into wide

db> 1 row inserted into wide

db> 1 row inserted into wide

db> 1 row inserted into wide

db> 1 row inserted into wide

db> 1 row inserted into wide

db> 1 row inserted into wide

db> 1 row inserted into wide

db> 1 row inserted into wide

db> 1 row inserted into wide

db> 1 row inserted into wide

db> 1 row inserted into wide

db> 1 row inserted into wide

db> 1 row inserted into wide

db> 1 row inserted into wide

db> 1 row inserted into wide

db> 1 row inserted into wide

db> 1 row inserted into wide

db> 1 row inserted into wide

db> 1 row inserted into wide

db> 1 row inserted into wide

db> 1 row inserted into wide

db> 1 row inserted into wide

db> 1 row inserted into wide

db> 1 row inserted into wide

db> 1 row inserted into wide

db> 1 row inserted into wide

db> 1 row inserted into wide

db> 1 row inserted into wide

db> 1 row inserted into wide

db> 1 row inserted into wide

db> 1 row inserted into wide

db> 1 row inserted into wide

db> 1 row inserted into wide

db> 1 row inserted into wide

db> 1 row inserted into wide

db> 1 row inserted into wide

db> 1 row inserted into wide

db> 1 row inserted into wide

db> 1 row inserted into wide

db> 1 row inserted into wide

db> 1 row inserted into wide

db> 1 row inserted into wide

db> 1 row inserted into wide

db> 1 row inserted into wide

db> 1 row inserted into wide

db> 1 row inserted into wide

db> 1 row inserted into wide

db> 1 row inserted into wide

db> 1 row inserted into wide

db> 1 row inserted into wide

db> 1 row inserted into wide

db> 1 row inserted into wide

db> 1 row inserted into wide

db> 1 row inserted into wide

db> 1 row inserted into wide

db> 1 row inserted into wide

db> 1 row inserted into wide

db> 1 row inserted into wide

db> 1 row inserted into wide

db> 1 row inserted into wide

db> 1 row inserted into wide

db> 1 row inserted into wide

db> 1 row inserted into wide

db> 1 row inserted into wide

db> 1 row inserted into wide

db> 1 row inserted into wide

db> 1 row inserted into wide

db> 1 row inserted into wide

db> 1 row inserted into wide

db> 1 row inserted into wide

db> 1 row inserted into wide

db> 1 row inserted into wide

db> 1 row inserted into wide

db> 1 row inserted into wide

db> 1 row inserted into wide

db> 1 row inserted into wide

db> 1 row inserted into wide

db> 1 row inserted into wide

db> 1 row inserted into wide

db> 1 row inserted into wide

db> 1 row inserted into wide

db> 1 row inserted into wide

db> 1 row inserted into wide

db> 1 row inserted into wide

db> 1 row inserted into wide

db> 1 row inserted into wide

db> 1 row inserted into wide

db> 1 row inserted into wide

db> 1 row inserted into wide

db> 1 row inserted into wide

db> 1 row inserted into wide

db> 1 row inserted into wide

db> 1 row inserted into wide

db> 1 row inserted into wide

db> 1 row inserted into wide

db> 1 row inserted into wide

db> 1 row inserted into wide

db> 1 row inserted into wide

db> 1 row inserted into wide

db> 1 row inserted into wide

db> 1 row inserted into wide

db> 1 row inserted into wide

db> 1 row inserted into wide

db> 1 row inserted into wide

db> 1 row inserted into wide

db> 1 row inserted into wide

db> 1 row inserted into wide

db> 1 row inserted into wide

db> 1 row inserted into wide

db> 1 row inserted into wide

db> 1 row inserted into wide

db> 1 row inserted into wide

db> 1 row inserted into wide

db> 1 row inserted into wide

db> 1 row inserted into wide

db> 1 row inserted into wide

db> 1 row inserted into wide

db> 1 row inserted into wide

db> 1 row inserted into wide

db> 1 row inserted into wide

db> 1 row inserted into wide

db> 1 row inserted into wide

db> 1 row inserted into wide

db> 1 row inserted into wide

db> 1 row inserted into wide

db> 1 row inserted into wide

db> 1 row inserted into wide

db> 1 row inserted into wide

db> 1 row inserted into wide

db> 1 row inserted into wide

db> 1 row inserted into wide

db> 1 row inserted into wide

db> 1 row inserted into wide

db> 1 row inserted into wide

db> 1 row inserted into wide

db> 1 row inserted into wide

db> 1 row inserted into wide

db> 1 row inserted into wide

db> 1 row inserted into wide

db> 1 row inserted into wide

db> 1 row inserted into wide

db> 1 row inserted into wide

db> 1 row inserted into wide

db> 1 row inserted into wide

db> 1 row inserted into wide

db> count(*)
300
(1 row)

db> grp | count(*)
0 | 60
1 | 60
2 | 60
3 | 60
4 | 60
(5 rows)

db> id
0
(1 row)

db> id
299
(1 row)

db> id
297
298
299
(3 rows)

db> index wide_id created on wide(id), 300 row(s) indexed

db> id
150
(1 row)

db> count(*)
10
(1 row)

db> count(*)
300
(1 row)

db> 60 row(s) deleted from wide

db> count(*)
240
(1 row)

db> id
150
(1 row)

db> count(*)
8
(1 row)

db> wide: 300 slot(s) compacted to 240 row(s), 60 reclaimed

db> count(*)
240
(1 row)

db> id
151
(1 row)

db> grp | count(*)
0 | 60
1 | 60
3 | 60
4 | 60
(4 rows)

db> 1 row(s) updated in wide

db> grp | count(*)
0 | 60
1 | 59
3 | 60
4 | 60
9 | 1
(5 rows)

db> 
