in-memory only, nothing will be saved

db> table docs created with 3 column(s)

db> 1 row inserted into docs

db> 1 row inserted into docs

db> 1 row inserted into docs

db> 1 row inserted into docs

db> 1 row inserted into docs

db> 1 row inserted into docs

db> 1 row inserted into docs

db> 1 row inserted into docs

db> 1 row inserted into docs

db> 1 row inserted into docs

db> 1 row inserted into docs

db> 1 row inserted into docs

db> 1 row inserted into docs

db> 1 row inserted into docs

db> 1 row inserted into docs

db> 1 row inserted into docs

db> 1 row inserted into docs

db> 1 row inserted into docs

db> 1 row inserted into docs

db> 1 row inserted into docs

db> 1 row inserted into docs

db> 1 row inserted into docs

db> 1 row inserted into docs

db> 1 row inserted into docs

db> 1 row inserted into docs

db> 1 row inserted into docs

db> 1 row inserted into docs

db> 1 row inserted into docs

db> 1 row inserted into docs

db> 1 row inserted into docs

db> 1 row inserted into docs

db> 1 row inserted into docs

db> 1 row inserted into docs

db> 1 row inserted into docs

db> 1 row inserted into docs

db> 1 row inserted into docs

db> 1 row inserted into docs

db> 1 row inserted into docs

db> 1 row inserted into docs

db> 1 row inserted into docs

db> 1 row inserted into docs

db> 1 row inserted into docs

db> 1 row inserted into docs

db> 1 row inserted into docs

db> 1 row inserted into docs

db> 1 row inserted into docs

db> 1 row inserted into docs

db> 1 row inserted into docs

db> 1 row inserted into docs

db> 1 row inserted into docs

db> 1 row inserted into docs

db> 1 row inserted into docs

db> 1 row inserted into docs

db> 1 row inserted into docs

db> 1 row inserted into docs

db> 1 row inserted into docs

db> 1 row inserted into docs

db> 1 row inserted into docs

db> 1 row inserted into docs

db> 1 row inserted into docs

db> 1 row inserted into docs

db> 1 row inserted into docs

db> 1 row inserted into docs

db> 1 row inserted into docs

db> 1 row inserted into docs

db> 1 row inserted into docs

db> 1 row inserted into docs

db> 1 row inserted into docs

db> 1 row inserted into docs

db> 1 row inserted into docs

db> 1 row inserted into docs

db> 1 row inserted into docs

db> 1 row inserted into docs

db> 1 row inserted into docs

db> 1 row inserted into docs

db> 1 row inserted into docs

db> 1 row inserted into docs

db> 1 row inserted into docs

db> 1 row inserted into docs

db> 1 row inserted into docs

db> 1 row inserted into docs

db> 1 row inserted into docs

db> 1 row inserted into docs

db> 1 row inserted into docs

db> 1 row inserted into docs

db> 1 row inserted into docs

db> 1 row inserted into docs

db> 1 row inserted into docs

db> 1 row inserted into docs

db> 1 row inserted into docs

db> 1 row inserted into docs

db> 1 row inserted into docs

db> 1 row inserted into docs

db> 1 row inserted into docs

db> 1 row inserted into docs

db> 1 row inserted into docs

db> 1 row inserted into docs

db> 1 row inserted into docs

db> 1 row inserted into docs

db> 1 row inserted into docs

db> 1 row inserted into docs

db> 1 row inserted into docs

db> 1 row inserted into docs

db> 1 row inserted into docs

db> 1 row inserted into docs

db> 1 row inserted into docs

db> 1 row inserted into docs

db> 1 row inserted into docs

db> 1 row inserted into docs

db> 1 row inserted into docs

db> 1 row inserted into docs

db> 1 row inserted into docs

db> 1 row inserted into docs

db> 1 row inserted into docs

db> 1 row inserted into docs

db> 1 row inserted into docs

db> 1 row inserted into docs

db> 1 row inserted into docs

db> 1 row inserted into docs

db> 1 row inserted into docs

db> 1 row inserted into docs

db> 1 row inserted into docs

db> 1 row inserted into docs

db> 1 row inserted into docs

db> 1 row inserted into docs

db> 1 row inserted into docs

db> 1 row inserted into docs

db> 1 row inserted into docs

db> 1 row inserted into docs

db> 1 row inserted into docs

db> 1 row inserted into docs

db> 1 row inserted into docs

db> 1 row inserted into docs

db> 1 row inserted into docs

db> 1 row inserted into docs

db> 1 row inserted into docs

db> 1 row inserted into docs

db> 1 row inserted into docs

db> 1 row inserted into docs

db> 1 row inserted into docs

db> 1 row inserted into docs

db> 1 row inserted into docs

db> 1 row inserted into docs

db> 1 row inserted into docs

db> 1 row inserted into docs

db> 1 row inserted into docs

db> 1 row inserted into docs

db> 1 row inserted into docs

db> 1 row inserted into docs

db> 1 row inserted into docs

db> 1 row inserted into docs

db> 1 row inserted into docs

db> 1 row inserted into docs

db> 1 row inserted into docs

db> 1 row inserted into docs

db> 1 row inserted into docs

db> 1 row inserted into docs

db> 1 row inserted into docs

db> 1 row inserted into docs

db> 1 row inserted into docs

db> 1 row inserted into docs

db> 1 row inserted into docs

db> 1 row inserted into docs

db> 1 row inserted into docs

db> 1 row inserted into docs

db> 1 row inserted into docs

db> 1 row inserted into docs

db> 1 row inserted into docs

db> 1 row inserted into docs

db> 1 row inserted into docs

db> 1 row inserted into docs

db> 1 row inserted into docs

db> 1 row inserted into docs

db> 1 row inserted into docs

db> 1 row inserted into docs

db> 1 row inserted into docs

db> 1 row inserted into docs

db> 1 row inserted into docs

db> 1 row inserted into docs

db> 1 row inserted into docs

db> 1 row inserted into docs

db> 1 row inserted into docs

db> 1 row inserted into docs

db> 1 row inserted into docs

db> 1 row inserted into docs

db> 1 row inserted into docs

db> 1 row inserted into docs

db> 1 row inserted into docs

db> 1 row inserted into docs

db> 1 row inserted into docs

db> 1 row inserted into docs

db> 1 row inserted into docs

db> 1 row inserted into docs

db> 1 row inserted into docs

db> 1 row inserted into docs

db> 1 row inserted into docs

db> 1 row inserted into docs

db> 1 row inserted into docs

db> 1 row inserted into docs

db> 1 row inserted into docs

db> index docs_id created on docs(id), 200 row(s) indexed

db> 50 row(s) deleted from docs

db> saved to tmp_test.db

db> loaded tmp_test.db

db> --- catalog (main) ---
docs(id int, grp int, body text)

db> --- indexes (main) ---
docs_id on docs(id): 200 key(s), depth 1

db> count(*)
150
(1 row)

db> grp | count(*)
0 | 50
2 | 50
3 | 50
(3 rows)

db> id
42
(1 row)

db> count(*)
7
(1 row)

db> 1 row inserted into docs

db> body
after reload
(1 row)

db> 1 row(s) updated in docs

db> 1 row(s) deleted from docs

db> docs: 202 slot(s) compacted to 150 row(s), 52 reclaimed

db> count(*)
150
(1 row)

db> grp | count(*)
0 | 50
2 | 48
3 | 50
7 | 1
9 | 1
(5 rows)

db> id
42
(1 row)

db> saved to tmp_test.db

db> loaded tmp_test.db

db> count(*)
150
(1 row)

db> id
999
(1 row)

db> 
